[2026-05-04 21:14:45] POST DATA: Array
(
    [orderId] => 293
    [method] => cash
)

[2026-05-04 21:14:45] FILES DATA: Array
(
)


[2026-05-04 21:14:45] SQL_UPDATE: 
    UPDATE pembayaran 
    SET status = 'belum bayar',
        metode = 'cash',
        email = '',
        jumlah = 7000,
        waktu_bayar = CURRENT_TIMESTAMP
    WHERE id_transaksi = 293

[2026-05-04 21:14:54] POST DATA: Array
(
    [orderId] => 293
    [method] => cash
)

[2026-05-04 21:14:54] FILES DATA: Array
(
)


[2026-05-04 21:14:54] SQL_UPDATE: 
    UPDATE pembayaran 
    SET status = 'belum bayar',
        metode = 'cash',
        email = '',
        jumlah = 7000,
        waktu_bayar = CURRENT_TIMESTAMP
    WHERE id_transaksi = 293

[2026-05-04 21:26:45] POST DATA: Array
(
    [orderId] => 294
    [method] => cash
)

[2026-05-04 21:26:45] FILES DATA: Array
(
)


[2026-05-04 21:26:45] SQL_UPDATE: 
    UPDATE pembayaran 
    SET status = 'belum bayar',
        metode = 'cash',
        email = '',
        jumlah = 30000,
        waktu_bayar = CURRENT_TIMESTAMP
    WHERE id_transaksi = 294

[2026-05-05 05:13:42] POST DATA: Array
(
    [orderId] => 297
    [method] => cash
)

[2026-05-05 05:13:42] FILES DATA: Array
(
)


[2026-05-05 05:13:42] SQL_UPDATE: 
    UPDATE pembayaran 
    SET status = 'belum bayar',
        metode = 'cash',
        email = '',
        jumlah = 7000,
        waktu_bayar = CURRENT_TIMESTAMP
    WHERE id_transaksi = 297

[2026-05-05 05:13:48] POST DATA: Array
(
    [orderId] => 297
    [method] => cash
)

[2026-05-05 05:13:48] FILES DATA: Array
(
)


[2026-05-05 05:13:48] SQL_UPDATE: 
    UPDATE pembayaran 
    SET status = 'belum bayar',
        metode = 'cash',
        email = '',
        jumlah = 7000,
        waktu_bayar = CURRENT_TIMESTAMP
    WHERE id_transaksi = 297

[2026-05-05 05:13:54] POST DATA: Array
(
    [orderId] => 297
    [method] => cash
)

[2026-05-05 05:13:54] FILES DATA: Array
(
)


[2026-05-05 05:13:54] SQL_UPDATE: 
    UPDATE pembayaran 
    SET status = 'belum bayar',
        metode = 'cash',
        email = '',
        jumlah = 7000,
        waktu_bayar = CURRENT_TIMESTAMP
    WHERE id_transaksi = 297

[2026-05-05 05:45:48] POST DATA: Array
(
    [orderId] => 299
    [method] => cash
)

[2026-05-05 05:45:48] FILES DATA: Array
(
)


[2026-05-05 05:45:48] SQL_UPDATE: 
    UPDATE pembayaran 
    SET status = 'belum bayar',
        metode = 'cash',
        email = '',
        jumlah = 7000,
        waktu_bayar = CURRENT_TIMESTAMP
    WHERE id_transaksi = 299

[2026-05-05 05:45:54] POST DATA: Array
(
    [orderId] => 299
    [method] => cash
)

[2026-05-05 05:45:54] FILES DATA: Array
(
)


[2026-05-05 05:45:54] SQL_UPDATE: 
    UPDATE pembayaran 
    SET status = 'belum bayar',
        metode = 'cash',
        email = '',
        jumlah = 7000,
        waktu_bayar = CURRENT_TIMESTAMP
    WHERE id_transaksi = 299

[2026-05-06 17:53:59] POST DATA: Array
(
    [orderId] => 302
    [method] => cash
)

[2026-05-06 17:53:59] FILES DATA: Array
(
)


[2026-05-06 17:53:59] SQL_UPDATE: 
    UPDATE pembayaran 
    SET status = 'belum bayar',
        metode = 'cash',
        email = '',
        jumlah = 7000,
        waktu_bayar = CURRENT_TIMESTAMP
    WHERE id_transaksi = 302

[2026-05-06 22:07:59] POST DATA: Array
(
    [orderId] => 303
    [method] => cash
)

[2026-05-06 22:07:59] FILES DATA: Array
(
)


[2026-05-06 22:07:59] SQL_UPDATE: 
    UPDATE pembayaran 
    SET status = 'belum bayar',
        metode = 'cash',
        email = '',
        jumlah = 14000,
        waktu_bayar = CURRENT_TIMESTAMP
    WHERE id_transaksi = 303

[2026-05-06 22:14:32] POST DATA: Array
(
    [orderId] => 304
    [method] => cash
)

[2026-05-06 22:14:32] FILES DATA: Array
(
)


[2026-05-06 22:14:32] SQL_UPDATE: 
    UPDATE pembayaran 
    SET status = 'belum bayar',
        metode = 'cash',
        email = '',
        jumlah = 5000,
        waktu_bayar = CURRENT_TIMESTAMP
    WHERE id_transaksi = 304

[2026-05-06 22:21:06] POST DATA: Array
(
    [orderId] => 306
    [method] => cash
)

[2026-05-06 22:21:06] FILES DATA: Array
(
)


[2026-05-06 22:21:06] SQL_UPDATE: 
    UPDATE pembayaran 
    SET status = 'belum bayar',
        metode = 'cash',
        email = '',
        jumlah = 7000,
        waktu_bayar = CURRENT_TIMESTAMP
    WHERE id_transaksi = 306

[2026-05-06 22:24:36] POST DATA: Array
(
    [orderId] => 307
    [method] => cash
)

[2026-05-06 22:24:36] FILES DATA: Array
(
)


[2026-05-06 22:24:36] SQL_UPDATE: 
    UPDATE pembayaran 
    SET status = 'belum bayar',
        metode = 'cash',
        email = '',
        jumlah = 7000,
        waktu_bayar = CURRENT_TIMESTAMP
    WHERE id_transaksi = 307

[2026-05-06 22:26:36] POST DATA: Array
(
    [orderId] => 308
    [method] => cash
)

[2026-05-06 22:26:36] FILES DATA: Array
(
)


[2026-05-06 22:26:36] SQL_UPDATE: 
    UPDATE pembayaran 
    SET status = 'belum bayar',
        metode = 'cash',
        email = '',
        jumlah = 7000,
        waktu_bayar = CURRENT_TIMESTAMP
    WHERE id_transaksi = 308

[2026-05-06 22:56:52] POST DATA: Array
(
    [orderId] => 309
    [method] => cash
)

[2026-05-06 22:56:52] FILES DATA: Array
(
)


[2026-05-06 22:56:52] SQL_UPDATE: 
    UPDATE pembayaran 
    SET status = 'belum bayar',
        metode = 'cash',
        email = '',
        jumlah = 7000,
        waktu_bayar = CURRENT_TIMESTAMP
    WHERE id_transaksi = 309

[2026-05-06 23:19:17] POST DATA: Array
(
    [orderId] => 310
    [method] => cash
)

[2026-05-06 23:19:17] FILES DATA: Array
(
)


[2026-05-06 23:19:17] SQL_UPDATE: 
    UPDATE pembayaran 
    SET status = 'belum bayar',
        metode = 'cash',
        email = '',
        jumlah = 7000,
        waktu_bayar = CURRENT_TIMESTAMP
    WHERE id_transaksi = 310

[2026-05-06 23:19:39] POST DATA: Array
(
    [orderId] => 311
    [method] => cash
)

[2026-05-06 23:19:39] FILES DATA: Array
(
)


[2026-05-06 23:19:39] SQL_UPDATE: 
    UPDATE pembayaran 
    SET status = 'belum bayar',
        metode = 'cash',
        email = '',
        jumlah = 7000,
        waktu_bayar = CURRENT_TIMESTAMP
    WHERE id_transaksi = 311

[2026-05-06 23:31:16] POST DATA: Array
(
    [orderId] => 312
    [method] => cash
)

[2026-05-06 23:31:16] FILES DATA: Array
(
)


[2026-05-06 23:31:16] SQL_UPDATE: 
    UPDATE pembayaran 
    SET status = 'belum bayar',
        metode = 'cash',
        email = '',
        jumlah = 7000,
        waktu_bayar = CURRENT_TIMESTAMP
    WHERE id_transaksi = 312

[2026-05-06 23:32:21] POST DATA: Array
(
    [orderId] => 313
    [method] => cash
)

[2026-05-06 23:32:21] FILES DATA: Array
(
)


[2026-05-06 23:32:21] SQL_UPDATE: 
    UPDATE pembayaran 
    SET status = 'belum bayar',
        metode = 'cash',
        email = '',
        jumlah = 8000,
        waktu_bayar = CURRENT_TIMESTAMP
    WHERE id_transaksi = 313

[2026-05-06 23:32:57] POST DATA: Array
(
    [orderId] => 314
    [method] => cash
)

[2026-05-06 23:32:57] FILES DATA: Array
(
)


[2026-05-06 23:32:57] SQL_UPDATE: 
    UPDATE pembayaran 
    SET status = 'belum bayar',
        metode = 'cash',
        email = '',
        jumlah = 7000,
        waktu_bayar = CURRENT_TIMESTAMP
    WHERE id_transaksi = 314

[2026-05-06 23:36:42] POST DATA: Array
(
    [orderId] => 316
    [method] => cash
)

[2026-05-06 23:36:42] FILES DATA: Array
(
)


[2026-05-06 23:36:42] SQL_UPDATE: 
    UPDATE pembayaran 
    SET status = 'belum bayar',
        metode = 'cash',
        email = '',
        jumlah = 7000,
        waktu_bayar = CURRENT_TIMESTAMP
    WHERE id_transaksi = 316

[2026-05-06 23:45:59] POST DATA: Array
(
    [orderId] => 317
    [method] => cash
)

[2026-05-06 23:45:59] FILES DATA: Array
(
)


[2026-05-06 23:45:59] SQL_UPDATE: 
    UPDATE pembayaran 
    SET status = 'belum bayar',
        metode = 'cash',
        email = '',
        jumlah = 7000,
        waktu_bayar = CURRENT_TIMESTAMP
    WHERE id_transaksi = 317

[2026-05-06 23:53:34] POST DATA: Array
(
    [orderId] => 318
    [method] => cash
)

[2026-05-06 23:53:34] FILES DATA: Array
(
)


[2026-05-06 23:53:34] SQL_UPDATE: 
    UPDATE pembayaran 
    SET status = 'belum bayar',
        metode = 'cash',
        email = '',
        jumlah = 7000,
        waktu_bayar = CURRENT_TIMESTAMP
    WHERE id_transaksi = 318

[2026-05-07 00:15:34] POST DATA: Array
(
    [orderId] => 319
    [method] => cash
)

[2026-05-07 00:15:34] FILES DATA: Array
(
)


[2026-05-07 00:15:34] SQL_UPDATE: 
    UPDATE pembayaran 
    SET status = 'belum bayar',
        metode = 'cash',
        email = '',
        jumlah = 7000,
        waktu_bayar = CURRENT_TIMESTAMP
    WHERE id_transaksi = 319

[2026-05-14 22:40:33] POST DATA: Array
(
    [orderId] => 321
    [method] => cash
)

[2026-05-14 22:40:33] FILES DATA: Array
(
)


[2026-05-14 22:40:33] SQL_UPDATE: 
    UPDATE pembayaran 
    SET status = 'belum bayar',
        metode = 'cash',
        email = '',
        jumlah = 47000,
        waktu_bayar = CURRENT_TIMESTAMP
    WHERE id_transaksi = 321

[2026-05-14 22:58:27] POST DATA: Array
(
    [orderId] => 322
    [method] => cash
)

[2026-05-14 22:58:27] FILES DATA: Array
(
)


[2026-05-14 22:58:27] SQL_UPDATE: 
    UPDATE pembayaran 
    SET status = 'belum bayar',
        metode = 'cash',
        email = '',
        jumlah = 20000,
        waktu_bayar = CURRENT_TIMESTAMP
    WHERE id_transaksi = 322

